components/AdminDashboard.tsx(1,33): error TS2792: Cannot find module 'react'. Did you mean to set the 'moduleResolution' option to 'nodenext', or to add aliases to the 'paths' option?
components/AdminDashboard.tsx(24,8): error TS2792: Cannot find module 'lucide-react'. Did you mean to set the 'moduleResolution' option to 'nodenext', or to add aliases to the 'paths' option?
components/AdminDashboard.tsx(891,9): error TS2792: Cannot find module 'react/jsx-runtime'. Did you mean to set the 'moduleResolution' option to 'nodenext', or to add aliases to the 'paths' option?
components/ScrollReveal.tsx(1,52): error TS2792: Cannot find module 'react'. Did you mean to set the 'moduleResolution' option to 'nodenext', or to add aliases to the 'paths' option?
components/ScrollReveal.tsx(69,9): error TS2792: Cannot find module 'react/jsx-runtime'. Did you mean to set the 'moduleResolution' option to 'nodenext', or to add aliases to the 'paths' option?
